$ bun scripts/test-file.ts apps/server/src/modules/sessions/terminal-reopen.test.ts
test:file: lane server — src/modules/sessions/terminal-reopen.test.ts

 RUN  v5.0.0-beta.6 /home/mgw/src/other/podium/.worktrees/issue-3918-p1b-mode-aware-repaint-and-replay

 ❯ apps/server/src/modules/sessions/terminal-reopen.test.ts (4 tests | 2 failed) 28ms
     × reopening an ALTERNATE-screen session replays NO stale bytes but still redraws 12ms
     × reopening an ALTERNATE session produced at a DIFFERENT size still replays nothing 2ms

⎯⎯⎯⎯⎯⎯⎯ Failed Tests 2 ⎯⎯⎯⎯⎯⎯⎯

 FAIL  apps/server/src/modules/sessions/terminal-reopen.test.ts > mode-aware reopen (server half) > reopening an ALTERNATE-screen session replays NO stale bytes but still redraws
AssertionError: expected [ { type: 'outputFrame', …(4) }, …(1) ] to deeply equal []

- Expected
+ Received

- []
+ [
+   {
+     "data": "G1s/MTA0OWg=",
+     "epoch": 0,
+     "seq": 0,
+     "sessionId": "s-reopen",
+     "type": "outputFrame",
+   },
+   {
+     "data": "G1tIQWdlbnQgVFVJIGZyYW1l",
+     "epoch": 0,
+     "seq": 1,
+     "sessionId": "s-reopen",
+     "type": "outputFrame",
+   },
+ ]

 ❯ apps/server/src/modules/sessions/terminal-reopen.test.ts:98:34
     96|     // model reconstitution (same size) or repaint (different size) is…
     97|     // first frame instead.
     98|     expect(outputFrames(client)).toEqual([])
       |                                  ^
     99|     expect(redraws(toDaemon)).toHaveLength(1)
    100|     expect(redraws(toDaemon)[0]).toMatchObject({ type: 'redraw', repla…

⎯⎯⎯⎯⎯⎯⎯⎯⎯⎯⎯⎯⎯⎯⎯⎯⎯⎯⎯⎯⎯⎯⎯⎯[1/2]⎯

 FAIL  apps/server/src/modules/sessions/terminal-reopen.test.ts > mode-aware reopen (server half) > reopening an ALTERNATE session produced at a DIFFERENT size still replays nothing
AssertionError: expected [ { type: 'outputFrame', …(4) }, …(1) ] to deeply equal []

- Expected
+ Received

- []
+ [
+   {
+     "data": "G1s/MTA0OWg=",
+     "epoch": 0,
+     "seq": 0,
+     "sessionId": "s-reopen",
+     "type": "outputFrame",
+   },
+   {
+     "data": "G1tIKy0tLS0tLS0tLS0tLS0tLS0tLS0tLS0tLS0tLS0tLS0tLS0tLS0tLS0tLS0tLS0tLS0tLS0tLS0tLS0tLS0tLS0tLS0tLS0tLS0tLS0tLSsNCnwgZWlnaHR5LXdpZGUgVFVJIHwNCg==",
+     "epoch": 0,
+     "seq": 1,
+     "sessionId": "s-reopen",
+     "type": "outputFrame",
+   },
+ ]

 ❯ apps/server/src/modules/sessions/terminal-reopen.test.ts:113:34
    111|     const client = makeClient('c-alt-small')
    112|     terminal.attachClient(client)
    113|     expect(outputFrames(client)).toEqual([])
       |                                  ^
    114|     expect(redraws(toDaemon)).toHaveLength(1)
    115|   })

⎯⎯⎯⎯⎯⎯⎯⎯⎯⎯⎯⎯⎯⎯⎯⎯⎯⎯⎯⎯⎯⎯⎯⎯[2/2]⎯


 Test Files  1 failed (1)
      Tests  2 failed | 2 passed (4)
   Start at  17:44:37
   Duration  4.93s (transform 2.31s, setup 1.70s, import 1.49s, tests 28ms, environment 0ms)

test:file: 1 group, 1 failed — 1 file named; this is not a suite result.
error: script "test:file" exited with code 1
