=== POD-2501 Mac verification ===
date: 2026-08-21T00:34:41Z
host: Darwin Mac-1787272480278.local 24.6.0 Darwin Kernel Version 24.6.0: Mon Jan 19 22:02:01 PST 2026; root:xnu-11417.140.69.708.3~1/RELEASE_ARM64_VMAPPLE arm64
arch: arm64
spike: /Users/runner/_work/podium/podium/spike
state: /tmp/podium-spike-PlyKvG

--- file(1) ---
/Users/runner/_work/podium/podium/spike/headless/podium-cli: Mach-O 64-bit executable arm64
/Users/runner/_work/podium/podium/spike/podium.unsigned:     Mach-O 64-bit executable arm64
/Users/runner/_work/podium/podium/spike/abduco:              Mach-O 64-bit executable arm64

--- codesign -dv ---
Executable=/Users/runner/_work/podium/podium/spike/headless/podium-cli
Identifier=podium
Format=Mach-O thin (arm64)
CodeDirectory v=20400 size=560895 flags=0x2(adhoc) hashes=17518+7 location=embedded
VersionPlatform=1
VersionMin=851968
VersionSDK=983552
Hash type=sha256 size=32
CandidateCDHash sha256=cd4e28dfdcda8aac8549166bb7f1efb55e5526db
CandidateCDHashFull sha256=cd4e28dfdcda8aac8549166bb7f1efb55e5526dbe6fdfc5d6eab532930bb8a7f
Hash choices=sha256
CMSDigest=cd4e28dfdcda8aac8549166bb7f1efb55e5526dbe6fdfc5d6eab532930bb8a7f
CMSDigestType=2
Executable Segment base=0
Executable Segment limit=61276160
Executable Segment flags=0x1
Page size=4096
CDHash=cd4e28dfdcda8aac8549166bb7f1efb55e5526db
Signature=adhoc
Info.plist=not bound
TeamIdentifier=not set
Sealed Resources=none
Internal requirements count=0 size=12

Executable=/Users/runner/_work/podium/podium/spike/abduco
Identifier=abduco
Format=Mach-O thin (arm64)
CodeDirectory v=20400 size=6463 flags=0x2(adhoc) hashes=197+2 location=embedded
VersionPlatform=1
VersionMin=851968
VersionSDK=1704960
Hash type=sha256 size=32
CandidateCDHash sha256=62fd58a20c2f29cd6022b7319a0b05eb5db45585
CandidateCDHashFull sha256=62fd58a20c2f29cd6022b7319a0b05eb5db455850bab00b013369cb23c3a0442
Hash choices=sha256
CMSDigest=62fd58a20c2f29cd6022b7319a0b05eb5db455850bab00b013369cb23c3a0442
CMSDigestType=2
Executable Segment base=0
Executable Segment limit=561616
Executable Segment flags=0x1
Page size=4096
CDHash=62fd58a20c2f29cd6022b7319a0b05eb5db45585
Signature=adhoc
Info.plist=not bound
TeamIdentifier=not set
Sealed Resources=none
Internal requirements count=0 size=12

--- Gatekeeper / quarantine ---
xattr signed (expect empty or no com.apple.quarantine):
xattr after planting quarantine:
com.apple.quarantine: 0081;6a879d21;Safari;00000000-0000-0000-0000-000000000000
xattr after strip:
PASS: quarantine plant+strip exercised

--- 1) unsigned should fail on arm64 (signature requirement) ---
unsigned exit=0
[podium] materialized embedded abduco -> /Users/runner/.podium/bin/abduco
podium spike-darwin+0.1.1-edge.1
WARN: unsigned --version succeeded on arm64 — unexpected; record as anomaly

--- 2) signed --version ---
podium spike-darwin+0.1.1-edge.1
PASS: signed --version

--- 3/4) daemon boot (bun:sqlite + discovery-worker + embedded abduco materialize) ---
instance=spike-1787272481 state=/tmp/podium-spike-PlyKvG/state port=18412
PASS: all-in-one still alive after boot wait (pid 832)
--- daemon.log (tail) ---
[podium] materialized embedded abduco -> /tmp/podium-spike-PlyKvG/state/bin/abduco
00:34:42.687 WARN  server:http Served web bundle has no valid build stamp; its compatibility with the running server cannot be verified. webDir=/Users/runner/_work/podium/podium/spike/headless/web platform=darwin instance=default
podium server up on http://localhost:18412
podium janitor up -> http://localhost:18412
00:34:42.745 WARN  daemon:host this daemon shares its process with the podium server and nothing would restart it — updates will be refused here; stop podium and start it again to pick one up, or run `podium setup` to install it as a service that can update itself platform=darwin instance=default
podium daemon up → ws://localhost:18412
--- materialized abduco under state dir ---
/tmp/podium-spike-PlyKvG/state/bin/abduco
total 1600
drwxr-xr-x   3 runner  wheel      96 Aug 21 00:34 .
drwxr-xr-x  17 runner  wheel     544 Aug 21 00:34 ..
-rwxr-xr-x   1 runner  wheel  817424 Aug 21 00:34 abduco
abduco-0.6-podium © 2013-2018 Marc André Tanner
PASS: embedded abduco materialized and runs

--- 5) abduco self-check ---
abduco-0.6-podium © 2013-2018 Marc André Tanner
PASS: standalone prebuilt abduco -v
  Fri	 2026-08-21 00:34:44	877	podium-spike-803
PASS: abduco session created
  Fri	 2026-08-21 00:34:44	877	podium-spike-803
PASS: abduco session survives without attached client (daemon-restart stand-in)
Active sessions (on host Mac-1787272480278.local)
  Fri	 2026-08-21 00:34:44	877	podium-spike-803

=== SUMMARY ===
log: /tmp/podium-spike-PlyKvG/verify.log
state: /tmp/podium-spike-PlyKvG
Paste this log into POD-2501 / spec §8b as Mac evidence.
PASS: mac-verify completed (review WARN lines before GO)
