=== Mac execution proof ===
date: 2026-08-21T18:32:56Z
host: Darwin sjc20-cw761-174bd43d-ab9f-4b81-9061-dfa3fb0e33d2-6A66BCFF70D0.local 24.6.0 Darwin Kernel Version 24.6.0: Tue Apr 21 20:17:54 PDT 2026; root:xnu-11417.140.69.710.16~1/RELEASE_X86_64 x86_64
arch: x86_64
bundle: /Users/runner/work/podium/podium/mac-execution-bundle-darwin-x64
work: /tmp/podium-mac-proof-No8phC

--- file / codesign ---
/tmp/podium-mac-proof-No8phC/headless/podium-cli: Mach-O 64-bit executable x86_64
Executable=/private/tmp/podium-mac-proof-No8phC/headless/podium-cli
Identifier=podium
Format=Mach-O thin (x86_64)
CodeDirectory v=20500 size=604903 flags=0x10002(adhoc,runtime) hashes=18893+7 location=embedded
VersionPlatform=1
VersionMin=851968
VersionSDK=983552
Hash type=sha256 size=32
CandidateCDHash sha256=70ac998b149449d892c774a13d6fc293233e8176
CandidateCDHashFull sha256=70ac998b149449d892c774a13d6fc293233e81767612d273445e39096fe4c0ec
Hash choices=sha256
CMSDigest=70ac998b149449d892c774a13d6fc293233e81767612d273445e39096fe4c0ec
CMSDigestType=2
Executable Segment base=0
Executable Segment limit=66973696
Executable Segment flags=0x1
Page size=4096
CDHash=70ac998b149449d892c774a13d6fc293233e8176
Signature=adhoc
Info.plist=not bound
TeamIdentifier=not set
Runtime Version=15.2.0
Sealed Resources=none
Internal requirements count=0 size=12

--- codesign --verify --strict ---
/tmp/podium-mac-proof-No8phC/headless/podium-cli: valid on disk
/tmp/podium-mac-proof-No8phC/headless/podium-cli: satisfies its Designated Requirement
PASS  codesign: --verify --strict accepts the rcodesign ad-hoc signature

--- entitlements ---
<?xml version="1.0" encoding="UTF-8"?><!DOCTYPE plist PUBLIC "-//Apple//DTD PLIST 1.0//EN" "https://www.apple.com/DTDs/PropertyList-1.0.dtd"><plist version="1.0"><dict><key>com.apple.security.cs.allow-dyld-environment-variables</key><true/><key>com.apple.security.cs.allow-jit</key><true/><key>com.apple.security.cs.allow-unsigned-executable-memory</key><true/><key>com.apple.security.cs.disable-executable-page-protection</key><true/><key>com.apple.security.cs.disable-library-validation</key><true/></dict></plist>
PASS  entitlements: allow-jit present on the shipped binary

[podium] materialized embedded abduco -> /Users/runner/.podium/bin/abduco
podium spike-darwin+0.1.1-edge.2
PASS  version: podium-cli --version runs
PASS  gatekeeper: runs without quarantine xattr
with quarantine: exit=0
podium spike-darwin+0.1.1-edge.2
PASS  gatekeeper: runs after quarantine stripped
WARN  gatekeeper: quarantine did not block on this CI VM; this does not clear Gatekeeper on real hardware
--- unsigned probe ---
/tmp/podium-mac-proof-No8phC/podium-cli.nosig: code object is not signed at all
unsigned exit=0
podium spike-darwin+0.1.1-edge.2
WARN  unsigned: a signature-stripped binary ran on x86_64, as permitted outside the arm64 enforcement question

--- daemon.log (tail) ---
[podium] materialized embedded abduco -> /tmp/podium-mac-proof-No8phC/state/bin/abduco
18:33:04.410 WARN  server:http Served web bundle has no valid build stamp; its compatibility with the running server cannot be verified. webDir=/tmp/podium-mac-proof-No8phC/headless/web platform=darwin instance=default
podium server up on http://localhost:19150
podium janitor up -> http://localhost:19150
18:33:04.563 WARN  daemon:host this daemon shares its process with the podium server and nothing would restart it — updates will be refused here; stop podium and start it again to pick one up, or run `podium setup` to install it as a service that can update itself platform=darwin instance=default
podium daemon up → ws://localhost:19150
PASS  daemon: all-in-one boot on throwaway PODIUM_STATE_DIR
abduco-0.6-podium © 2013-2018 Marc André Tanner
PASS  abduco: embedded helper materialized under state dir
PASS  abduco: session spawned (-n p6766)
PASS  abduco: session survives daemon kill (reattach/survival)

=== MATRIX ===
PASS  codesign: --verify --strict accepts the rcodesign ad-hoc signature
PASS  entitlements: allow-jit present on the shipped binary
PASS  version: podium-cli --version runs
PASS  gatekeeper: runs without quarantine xattr
PASS  gatekeeper: runs after quarantine stripped
WARN  gatekeeper: quarantine did not block on this CI VM; this does not clear Gatekeeper on real hardware
WARN  unsigned: a signature-stripped binary ran on x86_64, as permitted outside the arm64 enforcement question
PASS  daemon: all-in-one boot on throwaway PODIUM_STATE_DIR
PASS  abduco: embedded helper materialized under state dir
PASS  abduco: session spawned (-n p6766)
PASS  abduco: session survives daemon kill (reattach/survival)

log: /tmp/podium-mac-proof-No8phC/verify.log
RESULT: PASS
