
=== POD-2873 fixed-custom-default ================================================
  source SHA       3d7fa89bc7f773a95bdfb753f02e2bf8efa738ea
  server/daemon    /tmp/pod2873-arm/repo
  web bundle       not loaded (direct API terminal drive)
  instance         default
  HOME             /home/mgw (natural; not overridden)
  agent HOME       /tmp/pod2873-arm/custom-agent-home (distinct)
  state root       /home/mgw/.podium (product-derived; PODIUM_STATE_DIR unset)
  socket override  <unset>
  endpoints        http://127.0.0.1:21741 hook=21841 relay=21842
  expectation       fixed
  working directory /tmp/pod2873-arm/working-directory
2026-08-26T13:39:33.079Z booted server pid=2737719 source_sha=3d7fa89bc7f773a95bdfb753f02e2bf8efa738ea
2026-08-26T13:39:38.307Z server healthy on http://127.0.0.1:21741
2026-08-26T13:39:38.312Z booted daemon pid=2738277 source_sha=3d7fa89bc7f773a95bdfb753f02e2bf8efa738ea
2026-08-26T13:39:40.590Z daemon connected to server
2026-08-26T13:39:41.384Z terminal session 644f0104-f6d7-41f7-b605-ead33ee8dadd created
  durable label    podium-644f0104-f6d7-41f7-b605-ead33ee8dadd

--- BEFORE DAEMON RESTART — positive control ---------------------------------------------
  API status      starting
  DB status       live
  API row (full)  {"sessionId":"644f0104-f6d7-41f7-b605-ead33ee8dadd","agentKind":"shell","harness":"shell","driverId":null,"requestedDriverId":null,"status":"starting","phase":"idle","machine":"flatblock","model":null,"effort":null,"contextUsagePercent":null,"account":null,"error":null,"draft":false,"nativeSubagentCount":0,"nativeSubagents":[],"subagents":[],"issue":null,"commits":[],"files":[],"unackedMessages":0}
  DB row (full)   {"id":"644f0104-f6d7-41f7-b605-ead33ee8dadd","owner_user_id":"user:sole","agent_kind":"shell","model":null,"effort":null,"account_id":null,"cwd":"/tmp/pod2873-arm/working-directory","title":"working-directory","origin_kind":"spawn","conversation_id":null,"resume_kind":null,"resume_value":null,"status":"live","exit_code":null,"spawn_failure":null,"durable_label":"podium-644f0104-f6d7-41f7-b605-ead33ee8dadd","created_at":"2026-08-26T13:39:41.225Z","last_active_at":"2026-08-26T13:39:41.225Z","name":null,"archived":0,"work_state":null,"machine_id":"345fb163-9fc9-473c-aa19-fe04b5f860e4","last_output_at":null,"last_input_at":null,"last_resumed_at":null,"spawned_by":"user","headless":0,"issue_id":null,"stopped_at":null,"stop_reason":null,"deleted_at":null,"deleted_by_issue_id":null,"deletion_source":null,"workflow_run_id":null,"workflow_step_id":null,"execution_profile_id":null,"name_source":null,"ref_issue_id":null,"ref_letter":null,"ref_draft":null,"terminal_cols":80,"terminal_rows":24,"working_ms_total":null,"input_count":0,"output_count":0,"activity_count":0,"created_by_actor_kind":"user","created_by_actor_id":"user:sole","created_by_on_behalf_of":"user:sole","selected_driver_id":null,"login_harness":null,"oom_killed_at":null}
  direct sockets (whole scanned surface)
  scanned present /tmp/pod2873-arm/custom-agent-home/.abduco (agent HOME/.abduco)
    matching entries ["podium-644f0104-f6d7-41f7-b605-ead33ee8dadd@flatblock"]
  scanned absent /home/mgw/.abduco (daemon HOME/.abduco)
  scanned absent /tmp/abduco/mgw (/tmp/abduco/<user>)
  LIVE /tmp/pod2873-arm/custom-agent-home/.abduco/podium-644f0104-f6d7-41f7-b605-ead33ee8dadd@flatblock (96 bytes; agent HOME/.abduco)
  POSITIVE CONTROL  live row and live terminal master are both present
  abduco processes  [2738615]
2026-08-26T13:39:42.300Z stopped daemon pid=2738277
2026-08-26T13:39:42.303Z booted daemon pid=2738697 source_sha=3d7fa89bc7f773a95bdfb753f02e2bf8efa738ea
  post-restart settle live after 2147 ms

--- AFTER DAEMON RESTART — row watched by the operator ---------------------------------------------
  API status      reconnecting
  DB status       live
  API row (full)  {"sessionId":"644f0104-f6d7-41f7-b605-ead33ee8dadd","agentKind":"shell","harness":"shell","driverId":null,"requestedDriverId":null,"status":"reconnecting","phase":"idle","machine":"flatblock","model":null,"effort":null,"contextUsagePercent":null,"account":null,"error":null,"draft":false,"nativeSubagentCount":0,"nativeSubagents":[],"subagents":[],"issue":null,"commits":[],"files":[],"unackedMessages":0}
  DB row (full)   {"id":"644f0104-f6d7-41f7-b605-ead33ee8dadd","owner_user_id":"user:sole","agent_kind":"shell","model":null,"effort":null,"account_id":null,"cwd":"/tmp/pod2873-arm/working-directory","title":"working-directory","origin_kind":"spawn","conversation_id":null,"resume_kind":null,"resume_value":null,"status":"live","exit_code":null,"spawn_failure":null,"durable_label":"podium-644f0104-f6d7-41f7-b605-ead33ee8dadd","created_at":"2026-08-26T13:39:41.225Z","last_active_at":"2026-08-26T13:39:41.225Z","name":null,"archived":0,"work_state":null,"machine_id":"345fb163-9fc9-473c-aa19-fe04b5f860e4","last_output_at":null,"last_input_at":null,"last_resumed_at":null,"spawned_by":"user","headless":0,"issue_id":null,"stopped_at":null,"stop_reason":null,"deleted_at":null,"deleted_by_issue_id":null,"deletion_source":null,"workflow_run_id":null,"workflow_step_id":null,"execution_profile_id":null,"name_source":null,"ref_issue_id":null,"ref_letter":null,"ref_draft":null,"terminal_cols":80,"terminal_rows":24,"working_ms_total":null,"input_count":0,"output_count":0,"activity_count":0,"created_by_actor_kind":"user","created_by_actor_id":"user:sole","created_by_on_behalf_of":"user:sole","selected_driver_id":null,"login_harness":null,"oom_killed_at":null}
  direct sockets (whole scanned surface)
  scanned present /tmp/pod2873-arm/custom-agent-home/.abduco (agent HOME/.abduco)
    matching entries ["podium-644f0104-f6d7-41f7-b605-ead33ee8dadd@flatblock"]
  scanned absent /home/mgw/.abduco (daemon HOME/.abduco)
  scanned absent /tmp/abduco/mgw (/tmp/abduco/<user>)
  LIVE /tmp/pod2873-arm/custom-agent-home/.abduco/podium-644f0104-f6d7-41f7-b605-ead33ee8dadd@flatblock (96 bytes; agent HOME/.abduco)
  FIXED ARM         PASS — reattach found the live master after daemon restart
2026-08-26T13:39:45.709Z stopped daemon pid=2738697
2026-08-26T13:39:45.909Z stopped server pid=2737719
