// Vitest Snapshot v1, https://vitest.dev/guide/snapshot.html

exports[`issue page rendered pool parity > preserves the fallback list close dialog, working members, child counts, question and delivery words > close dialog 1`] = `
{
  "bytes": 9167,
  "sha256": "3c18aa07fdedff83253c1a47fb962cda7b4aadc9aa5c1c5749146ce37e4044cc",
}
`;

exports[`issue page rendered pool parity > preserves the list text, labels, order, layout and loader results with zero legacy derivations > rendered output 1`] = `
{
  "bytes": 10846,
  "sha256": "9cb573962893557ea2b1958a1c304e883de4b85c26a0ad7faba07e12b67b8d2e",
}
`;

exports[`issue page rendered pool parity > preserves the page text, labels, order, layout and loader results with zero legacy derivations > rendered output 1`] = `
{
  "bytes": 247860,
  "sha256": "34d998c513148165be9bcb00738d42039cbdbb2f3243d2aaa0ec95a06ce1445d",
}
`;

exports[`issue page rendered pool parity > preserves the panel text, labels, order, layout and loader results with zero legacy derivations > rendered output 1`] = `
{
  "bytes": 84125,
  "sha256": "7ac635c65396754817b845d3f5d2d400b219c6483d7196400d92209084fc1285",
}
`;

exports[`issue page rendered pool parity > preserves the rendered continuation after multiple spin-off hops > rendered output 1`] = `
{
  "bytes": 54333,
  "sha256": "bf236b4abaf71e0ebdb254f2c936c0c5b995c22915365ffe67bf245463ea97c2",
}
`;
