ok  server pid=893437 cwd=/home/mgw/src/podium/.worktrees/issue-2777-the-acceptance-drive-for-the-epic spawned at f3691cf
  ok  daemon pid=893504 cwd=/home/mgw/src/podium/.worktrees/issue-2777-the-acceptance-drive-for-the-epic spawned at f3691cf
  ok  exactly one daemon (pid 893504) on state root /tmp/pod-2777/state
  ok  worktree at f3691cf95e33692d6c0ca192e455b31753238952, clean
  ok  server answers on :19847 (not the operator's 19797)
  ok  web bundle served from :19847 was built at f3691cf
  ok  arm live in the processes: daemon CONTRACT=1 DRIVER='(policy)', server STREAMING=1
PINJSON {"want":"f3691cf95e33692d6c0ca192e455b31753238952","short":"f3691cf","spawnedSha":"f3691cf95e33692d6c0ca192e455b31753238952","serverPid":893437,"daemonPid":893504,"webSourceSha":"f3691cf","contract":"1","streaming":"1","driver":""}
VERIFIED: p2777 (server + daemon + web bundle) is running f3691cf95e33692d6c0ca192e455b31753238952 in arm CONTRACT=1 STREAMING=1 DRIVER='(policy)'

==============================================================================
ACCEPTANCE DRIVE   harness=opencode  arm=headless  expecting driver 'opencode-server'
PIN                f3691cf95e33692d6c0ca192e455b31753238952 (web bundle f3691cf, server pid 893437, daemon pid 893504)
==============================================================================
session 653e2cec-2f6e-45a2-8c3c-97a05672b458 created; giving the harness 25000ms to come up
BOUND DRIVER       opencode-server (family server)

letting the turn run 8500ms BEFORE opening the chat (the hard ordering)

── interrupt — interrupt a running turn
   REFUSED  control did not fire — refusing to report this measurement
   control: DID NOT FIRE — none; phase=working, 1 preview frame(s), 0 new transcript chars, 0 new terminal bytes
   CONTROL WATCHED   the turn observed IN FLIGHT immediately before the interrupt — phase=working with previews (headless), or the PTY output bytes growing (terminal)
   CONTROL SAW       none; phase=working, 1 preview frame(s), 0 new transcript chars, 0 new terminal bytes
   The signal that must arrive whether or not this behaviour works did not
   arrive, so a result here cannot be told apart from a dead rig. The
   probe's own reading was: FAIL — could not get a running turn to interrupt
   REFUSING to report it, including as a failure.
   
   --- what the probe saw anyway (diagnostic, not a result) ---
   WATCHED           none; phase=working, 1 preview frame(s), 0 new transcript chars, 0 new terminal bytes

==============================================================================
RESULT  opencode / headless / driver=opencode-server
==============================================================================
probe           verdict   control   summary
------------------------------------------------------------------------------
interrupt       REFUSED   MISSING   control did not fire — refusing to report this measurement
==============================================================================
written /tmp/pod-2777/results/opencode.headless.json
EXIT=6
