// Vitest Snapshot v1, https://vitest.dev/guide/snapshot.html

exports[`rendered mission pane parity > keeps archived-session reveal names/order and opens the same session > rendered output 1`] = `
{
  "bytes": 183036,
  "sha256": "89e5f7370f26d23dece1566a5dc96923cfe7d864f89b1432dee80e64ce904d3e",
}
`;

exports[`rendered mission pane parity > preserves folded bar words, labels, tick order and layout > rendered output 1`] = `
{
  "bytes": 6725,
  "sha256": "5134e95eaea2444bed2847d302f6106c0e8b8ec575f4db2b6a57509e8f65c354",
}
`;

exports[`rendered mission pane parity > preserves issue action labels and order > menu output 1`] = `
{
  "bytes": 9380,
  "sha256": "74bfc23ae1fe0ea048db530ff3672ea79592efc0b642a4a4c0a2bfe74c03c500",
}
`;

exports[`rendered mission pane parity > preserves session action labels and order > menu output 1`] = `
{
  "bytes": 10826,
  "sha256": "50d5f74c13a9e31f78be0338c95b0556cbcafb9fd06f27cdb267c41b161fd5f7",
}
`;

exports[`rendered mission pane parity > preserves visible words, labels, order and layout in full > rendered output 1`] = `
{
  "bytes": 164400,
  "sha256": "37359c6b9615143da9efcc1978d64435b799ea0fced006012d96975a68e69d4e",
}
`;

exports[`rendered mission pane parity > preserves visible words, labels, order and layout in handoff > rendered output 1`] = `
{
  "bytes": 51285,
  "sha256": "b407e2ca15a9a05e6af0a4e41bddc3316a170ebfa2c50e26d611dab6126e5256",
}
`;

exports[`rendered mission pane parity > preserves visible words, labels, order and layout in needs-you > rendered output 1`] = `
{
  "bytes": 42721,
  "sha256": "4f29c8901828f54aec8c5252eeb2088b6bbea4a2687a59c34cc0f8de806874e1",
}
`;

exports[`rendered mission pane parity > preserves visible words, labels, order and layout in waterfall > rendered output 1`] = `
{
  "bytes": 80188,
  "sha256": "8f58a6a614320de2b96e2cce70394608ba03908a4816f4543a69c3582d33d161",
}
`;

exports[`rendered mission pane parity > preserves visible words, labels, order and layout in working > rendered output 1`] = `
{
  "bytes": 23078,
  "sha256": "00e5fef87184c72de846b732277dbc45c497e3ae34d61e2a75b75f3bbacee717",
}
`;
