// Vitest Snapshot v1, https://vitest.dev/guide/snapshot.html

exports[`rendered mission pane parity > keeps archived-session reveal names/order and opens the same session > rendered output 1`] = `
{
  "bytes": 183013,
  "sha256": "2012f1d384b35b2d590cf4eea15ea423029d903d16b38e4afbbdb9218d527d7f",
}
`;

exports[`rendered mission pane parity > preserves folded bar words, labels, tick order and layout > rendered output 1`] = `
{
  "bytes": 6883,
  "sha256": "da55c605ab459346fb1349f04a59df6e302d2ee65dd34528de4813d60ffe69bc",
}
`;

exports[`rendered mission pane parity > preserves issue action labels and order > menu output 1`] = `
{
  "bytes": 9380,
  "sha256": "74bfc23ae1fe0ea048db530ff3672ea79592efc0b642a4a4c0a2bfe74c03c500",
}
`;

exports[`rendered mission pane parity > preserves session action labels and order > menu output 1`] = `
{
  "bytes": 10826,
  "sha256": "50d5f74c13a9e31f78be0338c95b0556cbcafb9fd06f27cdb267c41b161fd5f7",
}
`;

exports[`rendered mission pane parity > preserves visible words, labels, order and layout in full > rendered output 1`] = `
{
  "bytes": 164377,
  "sha256": "c7692f1867fa8ae95b8f45028bd05d2618a9211cb4914d1c004a46ae878f63a8",
}
`;

exports[`rendered mission pane parity > preserves visible words, labels, order and layout in handoff > rendered output 1`] = `
{
  "bytes": 51262,
  "sha256": "283e93854c26b7a46702970f7e80e87680c91b5307efdde5a82988dd753b8407",
}
`;

exports[`rendered mission pane parity > preserves visible words, labels, order and layout in needs-you > rendered output 1`] = `
{
  "bytes": 42698,
  "sha256": "a11ad0ef676302da9a780e6dfc6d81561212ce863a84a18515b49a0d30981a3d",
}
`;

exports[`rendered mission pane parity > preserves visible words, labels, order and layout in waterfall > rendered output 1`] = `
{
  "bytes": 80165,
  "sha256": "9b0b13f692926fce4af619741910d17c83f33ca5cabac495e62ee52f536c7a49",
}
`;

exports[`rendered mission pane parity > preserves visible words, labels, order and layout in working > rendered output 1`] = `
{
  "bytes": 23055,
  "sha256": "6031d18cb1c2f717ff56a7b8d8a97d17c340cb21e725703c44a972048bff0bc1",
}
`;
