// Vitest Snapshot v1, https://vitest.dev/guide/snapshot.html

exports[`mobile WorkScreen pool consumer > same native rows, bands and look at 1x with no legacy reader > last green pilot-ON rows and styles 1`] = `
{
  "labels": [
    "Pinned · 21",
    "DOC-922 rescope replica 140",
    "WEB-12 stabilize rollup 235",
    "POD-3151 retire session 6",
    "Answer POD-3151",
    "POD-4154 reorder timer 33",
    "WEB-4144 rescope rail 36",
    "Review WEB-4144",
    "POD-4695 reorder fold 234",
    "DOC-4176 reorder session 35",
    "OPS-4146 reindex palette 130",
    "Answer OPS-4146",
    "POD-4121 reindex worktree 32",
    "Review POD-4121",
  ],
  "styles": [
    "width: 17px; height: 17px;",
    "width: 19px; height: 19px;",
    "width: 17px; height: 17px;",
    "padding-bottom: 16px;",
    "width: 10px; height: 10px;",
    "transform: rotate(0deg);",
    "width: 13px; height: 13px;",
    "width: 10px; height: 10px;",
    "width: 9px; height: 9px;",
    "background-color: rgba(243, 243, 248, 0.10); z-index: 1; border-color: rgba(242, 243, 245, 0.40);",
    "width: 9px; height: 9px;",
    "width: 10px; height: 10px;",
    "width: 9px; height: 9px;",
    "background-color: rgba(243, 243, 248, 0.10); z-index: 1; border-color: rgba(242, 243, 245, 0.40);",
    "background-color: rgba(255, 255, 255, 1.00); z-index: 2; border-color: rgba(9, 9, 11, 0.40);",
    "background-color: rgba(116, 116, 128, 0.18); z-index: 3; border-color: rgba(132, 138, 148, 0.40);",
    "width: 90%; background-color: rgba(111, 157, 255, 1.00);",
    "width: 0%; background-color: rgba(111, 157, 255, 0.55);",
    "width: 0%; background-color: rgba(229, 48, 63, 1.00);",
    "width: 10px; height: 10px;",
    "width: 9px; height: 9px;",
    "background-color: rgba(116, 116, 128, 0.18); z-index: 1; border-color: rgba(132, 138, 148, 0.40);",
    "background-color: rgba(217, 119, 87, 1.00); z-index: 2; border-color: rgba(255, 255, 255, 0.40);",
    "width: 9px; height: 9px;",
    "background-color: rgba(243, 243, 248, 0.10); z-index: 1; border-color: rgba(242, 243, 245, 0.40);",
    "width: 9px; height: 9px;",
    "width: 9px; height: 9px;",
    "background-color: rgba(243, 243, 248, 0.10); z-index: 1; border-color: rgba(242, 243, 245, 0.40);",
    "width: 9px; height: 9px;",
    "background-color: rgba(217, 119, 87, 1.00); z-index: 1; border-color: rgba(255, 255, 255, 0.40);",
    "width: 9px; height: 9px;",
    "background-color: rgba(116, 116, 128, 0.18); z-index: 1; border-color: rgba(132, 138, 148, 0.40);",
    "height: 0px;",
  ],
  "text": "Work112 NEED YOU · 21 PINNED · 195 TASKSPinned21rescope replica 140DOC-922planning11:24stabilize rollup 235WEB-12done⤷ 736retire session 6POD-3151189/10 subtasks done · 1 stalled⤷ 15878d agoAnswerreorder timer 33POD-41542review44:06rescope rail 36UnsnoozedWEB-41441needs review20h agoReviewreorder fold 234POD-4695donereorder session 35DOC-4176review0:42reindex palette 130OPS-414612in progress3d agoAnswerreindex worktree 32POD-41211needs review⤷ 127611h agoReview",
}
`;

exports[`mobile WorkScreen pool consumer > same native rows, bands and look at 4x with no legacy reader > last green pilot-ON rows and styles 1`] = `
{
  "labels": [
    "Pinned · 84",
    "POD-4054 unflake rollup 6",
    "Review POD-4054",
    "POD-8934 rescope harness 4873",
    "Review POD-8934",
    "POD-10177 collapse worktree 9740",
    "Review POD-10177",
    "POD-14942 replay timer 14607",
    "Answer POD-14942",
    "POD-4561 reindex harness 33",
    "Review POD-4561",
    "POD-352 rescope palette 36",
    "Answer POD-352",
    "POD-7893 replay timer 4899",
    "Review POD-7893",
    "WEB-6788 reindex fold 4902",
    "Review WEB-6788",
    "DOC-9554 unflake harness 4905",
  ],
  "styles": [
    "width: 17px; height: 17px;",
    "width: 19px; height: 19px;",
    "width: 17px; height: 17px;",
    "padding-bottom: 16px;",
    "width: 10px; height: 10px;",
    "transform: rotate(0deg);",
    "width: 13px; height: 13px;",
    "width: 9px; height: 9px;",
    "background-color: rgba(116, 116, 128, 0.18); z-index: 1; border-color: rgba(132, 138, 148, 0.40);",
    "background-color: rgba(116, 116, 128, 0.18); z-index: 2; border-color: rgba(132, 138, 148, 0.40);",
    "background-color: rgba(116, 116, 128, 0.18); z-index: 3; border-color: rgba(132, 138, 148, 0.40);",
    "width: 46.15%; background-color: rgba(111, 157, 255, 1.00);",
    "width: 0%; background-color: rgba(111, 157, 255, 0.34);",
    "width: 30.77%; background-color: rgba(217, 180, 119, 1.00);",
    "width: 7.69%; background-color: rgba(229, 48, 63, 1.00);",
    "width: 10px; height: 10px;",
    "width: 9px; height: 9px;",
    "background-color: rgba(116, 116, 128, 0.18); z-index: 1; border-color: rgba(132, 138, 148, 0.40);",
    "background-color: rgba(243, 243, 248, 0.10); z-index: 2; border-color: rgba(242, 243, 245, 0.40);",
    "width: 20%; background-color: rgba(111, 157, 255, 1.00);",
    "width: 20%; background-color: rgba(111, 157, 255, 0.55);",
    "width: 30%; background-color: rgba(217, 180, 119, 1.00);",
    "width: 10%; background-color: rgba(229, 48, 63, 1.00);",
    "width: 9px; height: 9px;",
    "background-color: rgba(116, 116, 128, 0.18); z-index: 1; border-color: rgba(132, 138, 148, 0.40);",
    "background-color: rgba(116, 116, 128, 0.18); z-index: 2; border-color: rgba(132, 138, 148, 0.40);",
    "background-color: rgba(116, 116, 128, 0.18); z-index: 3; border-color: rgba(132, 138, 148, 0.40);",
    "width: 58.97%; background-color: rgba(111, 157, 255, 1.00);",
    "width: 2.56%; background-color: rgba(111, 157, 255, 0.34);",
    "width: 25.64%; background-color: rgba(217, 180, 119, 1.00);",
    "width: 0%; background-color: rgba(229, 48, 63, 1.00);",
    "width: 9px; height: 9px;",
    "background-color: rgba(217, 119, 87, 1.00); z-index: 1; border-color: rgba(255, 255, 255, 0.40);",
    "background-color: rgba(116, 116, 128, 0.18); z-index: 2; border-color: rgba(132, 138, 148, 0.40);",
    "background-color: rgba(116, 116, 128, 0.18); z-index: 3; border-color: rgba(132, 138, 148, 0.40);",
    "width: 47.06%; background-color: rgba(111, 157, 255, 1.00);",
    "width: 17.65%; background-color: rgba(111, 157, 255, 0.55);",
    "width: 29.41%; background-color: rgba(217, 180, 119, 1.00);",
    "width: 0%; background-color: rgba(229, 48, 63, 1.00);",
    "width: 9px; height: 9px;",
    "background-color: rgba(116, 116, 128, 0.18); z-index: 1; border-color: rgba(132, 138, 148, 0.40);",
    "width: 10px; height: 10px;",
    "width: 9px; height: 9px;",
    "background-color: rgba(116, 116, 128, 0.18); z-index: 1; border-color: rgba(132, 138, 148, 0.40);",
    "background-color: rgba(217, 119, 87, 1.00); z-index: 2; border-color: rgba(255, 255, 255, 0.40);",
    "width: 9px; height: 9px;",
    "background-color: rgba(116, 116, 128, 0.18); z-index: 1; border-color: rgba(132, 138, 148, 0.40);",
    "width: 9px; height: 9px;",
    "background-color: rgba(243, 243, 248, 0.10); z-index: 1; border-color: rgba(242, 243, 245, 0.40);",
    "width: 9px; height: 9px;",
    "background-color: rgba(217, 119, 87, 1.00); z-index: 1; border-color: rgba(255, 255, 255, 0.40);",
    "height: 0px;",
  ],
  "text": "Work473 NEED YOU · 84 PINNED · 783 TASKSPinned84unflake rollup 6POD-40546146/13 subtasks done · 1 blocked10d agoReviewrescope harness 4873POD-8934462/10 subtasks done · 1 blocked8d agoReviewcollapse worktree 9740POD-1017791923/39 subtasks done · 10 in review⤷ 1024913d agoReviewreplay timer 14607POD-149426148/17 subtasks done · 5 in review⤷ 157654d agoAnswerreindex harness 33POD-45611needs review⤷ 48017h agoReviewrescope palette 36POD-35212review3d agoAnswerreplay timer 4899POD-78931needs review⤷ 969511d agoReviewreindex fold 4902WEB-67881needs review2d agoReviewunflake harness 4905DOC-9554review47:39",
}
`;
