// Vitest Snapshot v1, https://vitest.dev/guide/snapshot.html

exports[`mobile pool work-list actions > brings a recent closed row back and returns it to Closed on refusal > last green pilot-ON action output 1`] = `"9128004cfd509ba414e98fa0d96712fecb3b7726dc89a1a8d52f225b31775293"`;

exports[`mobile pool work-list actions > brings a recent closed row back and returns it to Closed on refusal > last green pilot-ON action output 2`] = `"5cdb7a10ac5f2c49272d86c5710ec61fbec05a8e2556c114ca28946594b298dc"`;

exports[`mobile pool work-list actions > brings a recent closed row back and returns it to Closed on refusal > last green pilot-ON action output 3`] = `"9128004cfd509ba414e98fa0d96712fecb3b7726dc89a1a8d52f225b31775293"`;

exports[`mobile pool work-list actions > changes stage with the existing update action and restores it on refusal > last green pilot-ON action output 1`] = `"a1461d69c1a713e4eab610dc82a0cc496d970d50ecfe9115b7fb6995bca86f89"`;

exports[`mobile pool work-list actions > changes stage with the existing update action and restores it on refusal > last green pilot-ON action output 2`] = `"9fc3b93b5bc936c786ae61657cfa4f97a725faefc5947e9045c4feaa721eb7d0"`;

exports[`mobile pool work-list actions > changes stage with the existing update action and restores it on refusal > last green pilot-ON action output 3`] = `"a1461d69c1a713e4eab610dc82a0cc496d970d50ecfe9115b7fb6995bca86f89"`;

exports[`mobile pool work-list actions > closes as Cancelled and restores on refusal > last green pilot-ON action output 1`] = `"a1461d69c1a713e4eab610dc82a0cc496d970d50ecfe9115b7fb6995bca86f89"`;

exports[`mobile pool work-list actions > closes as Cancelled and restores on refusal > last green pilot-ON action output 2`] = `"8e1ad6a2898c0e37e36874d60262785d98111ea51ad01f221bdc298de926e3b3"`;

exports[`mobile pool work-list actions > closes as Cancelled and restores on refusal > last green pilot-ON action output 3`] = `"a1461d69c1a713e4eab610dc82a0cc496d970d50ecfe9115b7fb6995bca86f89"`;

exports[`mobile pool work-list actions > closes as Done and restores on refusal > last green pilot-ON action output 1`] = `"a1461d69c1a713e4eab610dc82a0cc496d970d50ecfe9115b7fb6995bca86f89"`;

exports[`mobile pool work-list actions > closes as Done and restores on refusal > last green pilot-ON action output 2`] = `"ff8b133955ab6a4d666413b4ebf651bf9682f09239c95775cc69420a8c400e4a"`;

exports[`mobile pool work-list actions > closes as Done and restores on refusal > last green pilot-ON action output 3`] = `"a1461d69c1a713e4eab610dc82a0cc496d970d50ecfe9115b7fb6995bca86f89"`;

exports[`mobile pool work-list actions > closes as Duplicate and restores on refusal > last green pilot-ON action output 1`] = `"a1461d69c1a713e4eab610dc82a0cc496d970d50ecfe9115b7fb6995bca86f89"`;

exports[`mobile pool work-list actions > closes as Duplicate and restores on refusal > last green pilot-ON action output 2`] = `"b6960d27e8273837fca7e0fc012a38703a1d02245c3cbc3bc7c0d38764e12543"`;

exports[`mobile pool work-list actions > closes as Duplicate and restores on refusal > last green pilot-ON action output 3`] = `"a1461d69c1a713e4eab610dc82a0cc496d970d50ecfe9115b7fb6995bca86f89"`;

exports[`mobile pool work-list actions > delete confirms the raw non-shell cascade count and restores the row on refusal > last green pilot-ON action output 1`] = `"97743a24aa620b1e8d18af008f42dc8e36d4592be22f4e86ea4b5f0bb45387db"`;

exports[`mobile pool work-list actions > delete confirms the raw non-shell cascade count and restores the row on refusal > last green pilot-ON action output 2`] = `"7b978411703383c70bc062b0d772dde3b20cfb4e1f2a11a67e012d3c8fdb6786"`;

exports[`mobile pool work-list actions > delete confirms the raw non-shell cascade count and restores the row on refusal > last green pilot-ON action output 3`] = `"97743a24aa620b1e8d18af008f42dc8e36d4592be22f4e86ea4b5f0bb45387db"`;

exports[`mobile pool work-list actions > keeps Bring back disabled for closures older than a day > last green pilot-ON action output 1`] = `"4e893412541888beb2c9155c093155cdffd188ae559908658a443e11ff87595d"`;

exports[`mobile pool work-list actions > keeps Bring back disabled for closures older than a day > last green pilot-ON action output 2`] = `"4e893412541888beb2c9155c093155cdffd188ae559908658a443e11ff87595d"`;

exports[`mobile pool work-list actions > loading and absent menu targets never open a menu or mutate, and loads batch > last green pilot-ON action output 1`] = `"91484182aa49cf9443448fefd2a8699a50140696b441134a76b5239235b0507e"`;

exports[`mobile pool work-list actions > loading and absent menu targets never open a menu or mutate, and loads batch > last green pilot-ON action output 2`] = `"91484182aa49cf9443448fefd2a8699a50140696b441134a76b5239235b0507e"`;

exports[`mobile pool work-list actions > menu marks read through the shared outbox and rolls back > last green pilot-ON action output 1`] = `"234a679a0d1c320223c7a485dc6afb8983dd04aa0c67d2cfd299d71b62c87e64"`;

exports[`mobile pool work-list actions > menu marks read through the shared outbox and rolls back > last green pilot-ON action output 2`] = `"d409f2c12cb8f1e8446cac332ce815e8d47fbac2b36384d4938da6812ee2c70c"`;

exports[`mobile pool work-list actions > menu marks read through the shared outbox and rolls back > last green pilot-ON action output 3`] = `"234a679a0d1c320223c7a485dc6afb8983dd04aa0c67d2cfd299d71b62c87e64"`;

exports[`mobile pool work-list actions > menu marks unread through the shared outbox and rolls back > last green pilot-ON action output 1`] = `"a1461d69c1a713e4eab610dc82a0cc496d970d50ecfe9115b7fb6995bca86f89"`;

exports[`mobile pool work-list actions > menu marks unread through the shared outbox and rolls back > last green pilot-ON action output 2`] = `"109834bbda7a8238ceb2c100f5f41655f8825be3bda041edb7d0b29122677357"`;

exports[`mobile pool work-list actions > menu marks unread through the shared outbox and rolls back > last green pilot-ON action output 3`] = `"a1461d69c1a713e4eab610dc82a0cc496d970d50ecfe9115b7fb6995bca86f89"`;

exports[`mobile pool work-list actions > moves placement to mission and rolls back the native bands > last green pilot-ON action output 1`] = `"723c5129c4db171e92023782606f1ec8ac74e3054b705b000b26e68b6e6d57f5"`;

exports[`mobile pool work-list actions > moves placement to mission and rolls back the native bands > last green pilot-ON action output 2`] = `"81414f9a84081f3198a9635377b9e6d43cd928e11f7a31c25a10c1a349361469"`;

exports[`mobile pool work-list actions > moves placement to mission and rolls back the native bands > last green pilot-ON action output 3`] = `"723c5129c4db171e92023782606f1ec8ac74e3054b705b000b26e68b6e6d57f5"`;

exports[`mobile pool work-list actions > moves placement to own and rolls back the native bands > last green pilot-ON action output 1`] = `"81414f9a84081f3198a9635377b9e6d43cd928e11f7a31c25a10c1a349361469"`;

exports[`mobile pool work-list actions > moves placement to own and rolls back the native bands > last green pilot-ON action output 2`] = `"a1461d69c1a713e4eab610dc82a0cc496d970d50ecfe9115b7fb6995bca86f89"`;

exports[`mobile pool work-list actions > moves placement to own and rolls back the native bands > last green pilot-ON action output 3`] = `"81414f9a84081f3198a9635377b9e6d43cd928e11f7a31c25a10c1a349361469"`;

exports[`mobile pool work-list actions > opens a draft session through the current pool target > last green pilot-ON action output 1`] = `"d4618b738768cf93a46ee7256a41219e3f06859ebff1e0f77f6fc4fe9fd3de80"`;

exports[`mobile pool work-list actions > opens a draft session through the current pool target > last green pilot-ON action output 2`] = `"d4618b738768cf93a46ee7256a41219e3f06859ebff1e0f77f6fc4fe9fd3de80"`;

exports[`mobile pool work-list actions > opens a worktree session through the current pool target > last green pilot-ON action output 1`] = `"7b2cf39245a1cd862058deca0d505473c7655339440d690e6da45ac14086c8f2"`;

exports[`mobile pool work-list actions > opens a worktree session through the current pool target > last green pilot-ON action output 2`] = `"7b2cf39245a1cd862058deca0d505473c7655339440d690e6da45ac14086c8f2"`;

exports[`mobile pool work-list actions > opens the mission before the deferred mark-read, then restores unread on refusal > last green pilot-ON action output 1`] = `"109834bbda7a8238ceb2c100f5f41655f8825be3bda041edb7d0b29122677357"`;

exports[`mobile pool work-list actions > opens the mission before the deferred mark-read, then restores unread on refusal > last green pilot-ON action output 2`] = `"d2b0e5fd9ba50f061de191186015d67ad3e3aba950b71ae0fd773bbbae9d4ad9"`;

exports[`mobile pool work-list actions > opens the mission before the deferred mark-read, then restores unread on refusal > last green pilot-ON action output 3`] = `"109834bbda7a8238ceb2c100f5f41655f8825be3bda041edb7d0b29122677357"`;

exports[`mobile pool work-list actions > rename "   " queues no write > last green pilot-ON action output 1`] = `"a1461d69c1a713e4eab610dc82a0cc496d970d50ecfe9115b7fb6995bca86f89"`;

exports[`mobile pool work-list actions > rename "   " queues no write > last green pilot-ON action output 2`] = `"a1461d69c1a713e4eab610dc82a0cc496d970d50ecfe9115b7fb6995bca86f89"`;

exports[`mobile pool work-list actions > rename "Synthetic task 3" queues no write > last green pilot-ON action output 1`] = `"a1461d69c1a713e4eab610dc82a0cc496d970d50ecfe9115b7fb6995bca86f89"`;

exports[`mobile pool work-list actions > rename "Synthetic task 3" queues no write > last green pilot-ON action output 2`] = `"a1461d69c1a713e4eab610dc82a0cc496d970d50ecfe9115b7fb6995bca86f89"`;

exports[`mobile pool work-list actions > rename "cancel" queues no write > last green pilot-ON action output 1`] = `"a1461d69c1a713e4eab610dc82a0cc496d970d50ecfe9115b7fb6995bca86f89"`;

exports[`mobile pool work-list actions > rename "cancel" queues no write > last green pilot-ON action output 2`] = `"a1461d69c1a713e4eab610dc82a0cc496d970d50ecfe9115b7fb6995bca86f89"`;

exports[`mobile pool work-list actions > renames from the real prompt and keeps the earlier accepted write when a later rename refuses > last green pilot-ON action output 1`] = `"a1461d69c1a713e4eab610dc82a0cc496d970d50ecfe9115b7fb6995bca86f89"`;

exports[`mobile pool work-list actions > renames from the real prompt and keeps the earlier accepted write when a later rename refuses > last green pilot-ON action output 2`] = `"a28b2a1daf6944d0bb33c198148d4e5d3e5654b43ecf176cbfe89bb51ddfd82e"`;

exports[`mobile pool work-list actions > renames from the real prompt and keeps the earlier accepted write when a later rename refuses > last green pilot-ON action output 3`] = `"594ee423e50d6a44c4a569c7c8d19abd06b295392f3ebb4f887d9d4aa4bc5ec6"`;

exports[`mobile pool work-list actions > renames from the real prompt and keeps the earlier accepted write when a later rename refuses > last green pilot-ON action output 4`] = `"a28b2a1daf6944d0bb33c198148d4e5d3e5654b43ecf176cbfe89bb51ddfd82e"`;

exports[`mobile pool work-list actions > renames from the real prompt and keeps the earlier accepted write when a later rename refuses > last green pilot-ON action output 5`] = `"a28b2a1daf6944d0bb33c198148d4e5d3e5654b43ecf176cbfe89bb51ddfd82e"`;

exports[`mobile pool work-list actions > reorders keyed pinned scope and rolls back every sort-key write > last green pilot-ON action output 1`] = `"f82ba661fdf543d86f854a329ed249ae0e39759858dac975ad87ace18baf9048"`;

exports[`mobile pool work-list actions > reorders keyed pinned scope and rolls back every sort-key write > last green pilot-ON action output 2`] = `"9386fd54404f96c4a386823e34223feefd2ba4c574c757d2844bfa4604bfaa64"`;

exports[`mobile pool work-list actions > reorders keyed pinned scope and rolls back every sort-key write > last green pilot-ON action output 3`] = `"f82ba661fdf543d86f854a329ed249ae0e39759858dac975ad87ace18baf9048"`;

exports[`mobile pool work-list actions > reorders keyed project scope and rolls back every sort-key write > last green pilot-ON action output 1`] = `"e994dc38d99fec2a7f727cd269d0549bb7b108ba35701af7efc330ee75d3bbcc"`;

exports[`mobile pool work-list actions > reorders keyed project scope and rolls back every sort-key write > last green pilot-ON action output 2`] = `"e25ddda402d9635745db530ce71413a2c7e848982cd31f02492c29b2e1e845c9"`;

exports[`mobile pool work-list actions > reorders keyed project scope and rolls back every sort-key write > last green pilot-ON action output 3`] = `"e994dc38d99fec2a7f727cd269d0549bb7b108ba35701af7efc330ee75d3bbcc"`;

exports[`mobile pool work-list actions > reorders unkeyed pinned scope and rolls back every sort-key write > last green pilot-ON action output 1`] = `"596e68864442d3f65e7c197f4b6d581554325ce1532a073ac25a404c31f6ec9f"`;

exports[`mobile pool work-list actions > reorders unkeyed pinned scope and rolls back every sort-key write > last green pilot-ON action output 2`] = `"affdfc26b995bf74f6825d3600101e7706f05a8ac530131ffab155a6daa74f2a"`;

exports[`mobile pool work-list actions > reorders unkeyed pinned scope and rolls back every sort-key write > last green pilot-ON action output 3`] = `"596e68864442d3f65e7c197f4b6d581554325ce1532a073ac25a404c31f6ec9f"`;

exports[`mobile pool work-list actions > reorders unkeyed pinned scope and rolls back every sort-key write > last green pilot-ON action output 4`] = `"dcf528aa96e02daa0d4fe02d84d2f97e534c32711233a75790433d7d2c0ecb71"`;

exports[`mobile pool work-list actions > reorders unkeyed pinned scope and rolls back every sort-key write > last green pilot-ON action output 5`] = `"39672bddc26cf9ce3e3a44e1968e32dbb05a143c0ae87e242e190b9c3d920e2a"`;

exports[`mobile pool work-list actions > reorders unkeyed pinned scope and rolls back every sort-key write > last green pilot-ON action output 6`] = `"b2e7f5f9165789a97f16dcb37af83563abaa62a4774f66c765fc387cce3b2722"`;

exports[`mobile pool work-list actions > reorders unkeyed pinned scope and rolls back every sort-key write > last green pilot-ON action output 7`] = `"433fb2ea122743c97fdc37df0771794773524cc81721b70eb537d3f69937b3b1"`;

exports[`mobile pool work-list actions > reorders unkeyed pinned scope and rolls back every sort-key write > last green pilot-ON action output 8`] = `"596e68864442d3f65e7c197f4b6d581554325ce1532a073ac25a404c31f6ec9f"`;

exports[`mobile pool work-list actions > reorders unkeyed project scope and rolls back every sort-key write > last green pilot-ON action output 1`] = `"fa87a05526809ad19f1291a7b59f64209f61b352031a79bc532ad139507d3bd6"`;

exports[`mobile pool work-list actions > reorders unkeyed project scope and rolls back every sort-key write > last green pilot-ON action output 2`] = `"2438a92a94d771c5d9f6e2cc9808383e98585aa0dd04d8ccbfbdcd4d0221e37f"`;

exports[`mobile pool work-list actions > reorders unkeyed project scope and rolls back every sort-key write > last green pilot-ON action output 3`] = `"fa87a05526809ad19f1291a7b59f64209f61b352031a79bc532ad139507d3bd6"`;

exports[`mobile pool work-list actions > reorders unkeyed project scope and rolls back every sort-key write > last green pilot-ON action output 4`] = `"4076647495f839a45117013c8b138c6922a6cca8a46a924f428dca877fcf7913"`;

exports[`mobile pool work-list actions > reorders unkeyed project scope and rolls back every sort-key write > last green pilot-ON action output 5`] = `"9ce1363eaf2a77b15504be27c06c38ce3a154122f1b7271f32e2d23726b49804"`;

exports[`mobile pool work-list actions > reorders unkeyed project scope and rolls back every sort-key write > last green pilot-ON action output 6`] = `"dcccad7b65739cf39732d139a87e610b31714c86551bebcb9ed837b730ea4da8"`;

exports[`mobile pool work-list actions > reorders unkeyed project scope and rolls back every sort-key write > last green pilot-ON action output 7`] = `"bf6f28b6c7f1c67882bbd38517709537046da2470d4985e22141e85b739252cc"`;

exports[`mobile pool work-list actions > reorders unkeyed project scope and rolls back every sort-key write > last green pilot-ON action output 8`] = `"fa87a05526809ad19f1291a7b59f64209f61b352031a79bc532ad139507d3bd6"`;

exports[`mobile pool work-list actions > requires explicit close confirmation for active agents and open children > last green pilot-ON action output 1`] = `"8b146e5ee613f0589a6826046c7a3ba62327bb02b1f4a8ed9a9725a62fc6ae56"`;

exports[`mobile pool work-list actions > requires explicit close confirmation for active agents and open children > last green pilot-ON action output 2`] = `"0ef3e6334f13363c349d9b91a500b012eb88dc986ee96bc3d46a755cbafcd70b"`;

exports[`mobile pool work-list actions > requires explicit close confirmation for active agents and open children > last green pilot-ON action output 3`] = `"8b146e5ee613f0589a6826046c7a3ba62327bb02b1f4a8ed9a9725a62fc6ae56"`;

exports[`mobile pool work-list actions > sets colour green and restores on refusal > last green pilot-ON action output 1`] = `"c02b8bb97deac17caf82659cf07f69ca773a882fbd185a2878775e7eac00d847"`;

exports[`mobile pool work-list actions > sets colour green and restores on refusal > last green pilot-ON action output 2`] = `"b19129a27a94a680c96c7b5c752c810b3685c0f795f9e773bcf897b45bc699a7"`;

exports[`mobile pool work-list actions > sets colour green and restores on refusal > last green pilot-ON action output 3`] = `"c02b8bb97deac17caf82659cf07f69ca773a882fbd185a2878775e7eac00d847"`;

exports[`mobile pool work-list actions > sets colour none and restores on refusal > last green pilot-ON action output 1`] = `"c02b8bb97deac17caf82659cf07f69ca773a882fbd185a2878775e7eac00d847"`;

exports[`mobile pool work-list actions > sets colour none and restores on refusal > last green pilot-ON action output 2`] = `"a1461d69c1a713e4eab610dc82a0cc496d970d50ecfe9115b7fb6995bca86f89"`;

exports[`mobile pool work-list actions > sets colour none and restores on refusal > last green pilot-ON action output 3`] = `"c02b8bb97deac17caf82659cf07f69ca773a882fbd185a2878775e7eac00d847"`;

exports[`mobile pool work-list actions > tucks a completed row immediately, rolls back, and holds accepted tuck until echo > last green pilot-ON action output 1`] = `"5cdb7a10ac5f2c49272d86c5710ec61fbec05a8e2556c114ca28946594b298dc"`;

exports[`mobile pool work-list actions > tucks a completed row immediately, rolls back, and holds accepted tuck until echo > last green pilot-ON action output 2`] = `"2379c3d9e1a1347fd3170bcb476767c8596be9410e7d79e9f4a0e46ed888883d"`;

exports[`mobile pool work-list actions > tucks a completed row immediately, rolls back, and holds accepted tuck until echo > last green pilot-ON action output 3`] = `"5cdb7a10ac5f2c49272d86c5710ec61fbec05a8e2556c114ca28946594b298dc"`;

exports[`mobile pool work-list actions > tucks a completed row immediately, rolls back, and holds accepted tuck until echo > last green pilot-ON action output 4`] = `"2379c3d9e1a1347fd3170bcb476767c8596be9410e7d79e9f4a0e46ed888883d"`;

exports[`mobile pool work-list actions > tucks a completed row immediately, rolls back, and holds accepted tuck until echo > last green pilot-ON action output 5`] = `"2379c3d9e1a1347fd3170bcb476767c8596be9410e7d79e9f4a0e46ed888883d"`;

exports[`mobile pool work-list actions > unsnoozes through the fold menu and restores the snoozed lane on refusal > last green pilot-ON action output 1`] = `"9356e225bfeeaf68f41c27a4f26742563c5a1af32915b1268a206fcbeaafd807"`;

exports[`mobile pool work-list actions > unsnoozes through the fold menu and restores the snoozed lane on refusal > last green pilot-ON action output 2`] = `"6650dd86854347f42adc259315d2086049b88886f0679fd521910f08fa352140"`;

exports[`mobile pool work-list actions > unsnoozes through the fold menu and restores the snoozed lane on refusal > last green pilot-ON action output 3`] = `"9356e225bfeeaf68f41c27a4f26742563c5a1af32915b1268a206fcbeaafd807"`;
